// Vitest Snapshot v1, https://vitest.dev/guide/snapshot.html

exports[`variables > generates correct css 1`] = `
"
@layer variables {
  :root {
    --color-white: #fff;
--color-black: #000;
--color-blue-50: #F1F4F9;
--color-blue-100: #E2E9F3;
--color-blue-200: #C2D0E5;
--color-blue-300: #9BB2D5;
--color-blue-400: #6C8EC1;
--color-blue-500: #314C74;
--color-blue-600: #2D466C;
--color-blue-700: #243856;
--color-blue-800: #20314B;
--color-blue-900: #111A27;
--color-blue-950: #111A27;
--color-gray-50: #FCFCFD;
--color-gray-100: #FAFAFA;
--color-gray-200: #F4F5F5;
--color-gray-300: #EFEFF1;
--color-gray-400: #E7E8E9;
--color-gray-500: #E2E3E5;
--color-gray-600: #CCCED1;
--color-gray-700: #B1B4B9;
--color-gray-800: #93979F;
--color-gray-900: #686C74;
--color-gray-950: #4D5056;
--color-green-50: #F1F9F4;
--color-green-100: #DCEFE3;
--color-green-200: #B5DEC4;
--color-green-300: #83C99C;
--color-green-400: #4BAA6E;
--color-green-500: #367B4F;
--color-green-600: #306E47;
--color-green-700: #2A603E;
--color-green-800: #224E32;
--color-green-900: #173522;
--color-green-950: #132B1B;
--color-red-50: #FDF3F2;
--color-red-100: #FAE7E5;
--color-red-200: #F4CBC8;
--color-red-300: #ECA39D;
--color-red-400: #E17065;
--color-red-500: #B42E23;
--color-red-600: #9E291F;
--color-red-700: #8D251B;
--color-red-800: #781F17;
--color-red-900: #49130E;
--color-red-950: #330D0A;
--duration-perceptive-instant: 85ms;
--duration-fast: 100ms;
--duration-normal: 250ms;
--duration-slow: 500ms;
--duration-user-flow: 5000ms;
--duration-attention-span: 12000ms;
--easing-swift-alt: cubic-bezier(0.55, 0, 0.1, 1);
--easing-swift-move: cubic-bezier(0.4, 0, 0.2, 1);
--easing-swifter-move: cubic-bezier(0.4, 0, 0, 1);
--easing-heavy-move: cubic-bezier(07, 0, 0.6, 1);
--easing-swift-out: cubic-bezier(0, 0, 0.2, 1);
--easing-swift-in: cubic-bezier(0.4, 0, 1, 1);
--font-body: system-ui, sans-serif;
--font-heading: system-ui, sans-serif;
--elevation-01: 0px 0px 6px 0px rgba(0, 0, 0, 0.02), 0px 2px 4px 0px rgba(0, 0, 0, 0.08);
--elevation-02: 0px 0px 4px 0px rgba(0, 0, 0, 0.04), 0px 4px 8px 0px rgba(0, 0, 0, 0.06);
--elevation-03: 0px 0px 4px 0px rgba(0, 0, 0, 0.04), 0px 8px 16px 0px rgba(0, 0, 0, 0.08);
--zIndex-header: 10;
--zIndex-dialog: 20;
--zIndex-floater: 30;
--radius-01: 4px;
--radius-02: 8px;
--radius-03: 16px;
--tooltip-offset: 10px;
--popover-offset: 10px;
--dropdown-offset: 10px;
--floater-shift: 5px;
--floater-flip: 5px;
--floater-arrow-size: 10px;
--floater-arrow-padding: 10px;
  }
}
"
`;

exports[`variables > generates correct theme css 1`] = `
"
@layer theme {
  
    .theme--default {
      
        --color-body: var(--color-gray-950);
      

        --color-background: var(--color-white);
      

        --color-overlay: rgba(17, 26, 39, 0.7);
      

        --color-primary-50: var(--color-blue-50);
      

        --color-primary-100: var(--color-blue-100);
      

        --color-primary-200: var(--color-blue-200);
      

        --color-primary-300: var(--color-blue-300);
      

        --color-primary-400: var(--color-blue-400);
      

        --color-primary-500: var(--color-blue-500);
      

        --color-primary-600: var(--color-blue-600);
      

        --color-primary-700: var(--color-blue-700);
      

        --color-primary-800: var(--color-blue-800);
      

        --color-primary-900: var(--color-blue-900);
      

        --color-primary-950: var(--color-blue-950);
      

        --color-secondary-50: var(--color-gray-50);
      

        --color-secondary-100: var(--color-gray-100);
      

        --color-secondary-200: var(--color-gray-200);
      

        --color-secondary-300: var(--color-gray-300);
      

        --color-secondary-400: var(--color-gray-400);
      

        --color-secondary-500: var(--color-gray-500);
      

        --color-secondary-600: var(--color-gray-600);
      

        --color-secondary-700: var(--color-gray-700);
      

        --color-secondary-800: var(--color-gray-800);
      

        --color-secondary-900: var(--color-gray-900);
      

        --color-secondary-950: var(--color-gray-950);
      

        --color-positive-50: var(--color-green-50);
      

        --color-positive-100: var(--color-green-100);
      

        --color-positive-200: var(--color-green-200);
      

        --color-positive-300: var(--color-green-300);
      

        --color-positive-400: var(--color-green-400);
      

        --color-positive-500: var(--color-green-500);
      

        --color-positive-600: var(--color-green-600);
      

        --color-positive-700: var(--color-green-700);
      

        --color-positive-800: var(--color-green-800);
      

        --color-positive-900: var(--color-green-900);
      

        --color-positive-950: var(--color-green-950);
      

        --color-negative-50: var(--color-red-50);
      

        --color-negative-100: var(--color-red-100);
      

        --color-negative-200: var(--color-red-200);
      

        --color-negative-300: var(--color-red-300);
      

        --color-negative-400: var(--color-red-400);
      

        --color-negative-500: var(--color-red-500);
      

        --color-negative-600: var(--color-red-600);
      

        --color-negative-700: var(--color-red-700);
      

        --color-negative-800: var(--color-red-800);
      

        --color-negative-900: var(--color-red-900);
      

        --color-negative-950: var(--color-red-950);
      

        --button-primary-background: var(--color-primary-500);
      

        --button-primary-border: var(--color-primary-500);
      

        --button-primary-color: var(--color-white);
      

        --button-primary-hover-background: var(--color-primary-400);
      

        --button-primary-hover-border: var(--color-primary-400);
      

        --button-primary-hover-color: var(--color-white);
      

        --button-secondary-background: var(--color-secondary-500);
      

        --button-secondary-border: var(--color-secondary-500);
      

        --button-secondary-color: var(--color-body);
      

        --button-secondary-hover-background: var(--color-secondary-400);
      

        --button-secondary-hover-border: var(--color-secondary-400);
      

        --button-secondary-hover-color: var(--color-body);
      

        --button-negative-background: var(--color-negative-500);
      

        --button-negative-border: var(--color-red-500);
      

        --button-negative-color: var(--color-white);
      

        --button-negative-hover-background: var(--color-negative-400);
      

        --button-negative-hover-border: var(--color-negative-400);
      

        --button-negative-hover-color: var(--color-white);
      

        --button-positive-background: var(--color-positive-500);
      

        --button-positive-border: var(--color-positive-500);
      

        --button-positive-color: var(--color-white);
      

        --button-positive-hover-background: var(--color-positive-400);
      

        --button-positive-hover-border: var(--color-positive-400);
      

        --button-positive-hover-color: var(--color-white);
      

        --button-outline-border: var(--color-secondary-500);
      

        --button-outline-color: var(--color-body);
      

        --button-outline-hover-border: var(--color-secondary-400);
      

        --button-outline-hover-color: var(--color-body);
      

        --button-ghost-color: var(--color-body);
      

        --button-ghost-hover-background: var(--color-secondary-400);
      

        --button-ghost-hover-border: var(--color-secondary-400);
      

        --form-input-color: var(--color-body);
      

        --form-input-border: var(--color-secondary-900);
      

        --form-input-background: var(--color-secondary-50);
      

        --form-select-indicator: var(--color-body);
      

        --form-asterisk: var(--color-negative-500);
      

        --form-outline: var(--color-primary-600);
      

        --form-checkbox-checked-border: var(--color-primary-500);
      

        --form-checkbox-checked-background: var(--color-primary-500);
      

        --form-checkbox-checked-color: var(--color-white);
      

        --form-error: var(--color-negative-500);
      

        --form-requiredMessage-value: var(--form-error);
      
    }
    
}
"
`;
