// Jest Snapshot v1, https://goo.gl/fbAQLP

exports[`variables generates correct css 1`] = `
"
@layer variables {
  :root {
    --color-white: #fff;
--color-black: #000;
--color-primary-50: #F1F4F9;
--color-primary-100: #E2E9F3;
--color-primary-200: #C2D0E5;
--color-primary-300: #9BB2D5;
--color-primary-400: #6C8EC1;
--color-primary-500: #314C74;
--color-primary-600: #2D466C;
--color-primary-700: #243856;
--color-primary-800: #20314B;
--color-primary-900: #111A27;
--color-primary-950: #111A27;
--color-secondary-50: #FCFCFD;
--color-secondary-100: #FAFAFA;
--color-secondary-200: #F4F5F5;
--color-secondary-300: #EFEFF1;
--color-secondary-400: #E7E8E9;
--color-secondary-500: #E2E3E5;
--color-secondary-600: #CCCED1;
--color-secondary-700: #B1B4B9;
--color-secondary-800: #93979F;
--color-secondary-900: #686C74;
--color-secondary-950: #4D5056;
--color-positive-50: #F1F9F4;
--color-positive-100: #DCEFE3;
--color-positive-200: #B5DEC4;
--color-positive-300: #83C99C;
--color-positive-400: #4BAA6E;
--color-positive-500: #367B4F;
--color-positive-600: #306E47;
--color-positive-700: #2A603E;
--color-positive-800: #224E32;
--color-positive-900: #173522;
--color-positive-950: #132B1B;
--color-negative-50: #FDF3F2;
--color-negative-100: #FAE7E5;
--color-negative-200: #F4CBC8;
--color-negative-300: #ECA39D;
--color-negative-400: #E17065;
--color-negative-500: #B42E23;
--color-negative-600: #9E291F;
--color-negative-700: #8D251B;
--color-negative-800: #781F17;
--color-negative-900: #49130E;
--color-negative-950: #330D0A;
--color-body: var(--color-secondary-950);
--color-background: var(--color-white);
--color-overlay: rgba(17, 26, 39, 0.7);
--duration-perceptive-instant: 85ms;
--duration-fast: 100ms;
--duration-normal: 250ms;
--duration-slow: 500ms;
--duration-user-flow: 5000ms;
--duration-attention-span: 12000ms;
--easing-swift-alt: cubic-bezier(0.55, 0, 0.1, 1);
--easing-swift-move: cubic-bezier(0.4, 0, 0.2, 1);
--easing-swifter-move: cubic-bezier(0.4, 0, 0, 1);
--easing-heavy-move: cubic-bezier(07, 0, 0.6, 1);
--easing-swift-out: cubic-bezier(0, 0, 0.2, 1);
--easing-swift-in: cubic-bezier(0.4, 0, 1, 1);
--font-body: system-ui, sans-serif;
--font-heading: system-ui, sans-serif;
--elevation-01: 0px 0px 6px 0px rgba(0, 0, 0, 0.02), 0px 2px 4px 0px rgba(0, 0, 0, 0.08);;
--elevation-02: 0px 0px 4px 0px rgba(0, 0, 0, 0.04), 0px 4px 8px 0px rgba(0, 0, 0, 0.06);;
--elevation-03: 0px 0px 4px 0px rgba(0, 0, 0, 0.04), 0px 8px 16px 0px rgba(0, 0, 0, 0.08);;
--zIndex-header: 10;
--zIndex-dialog: 20;
--zIndex-floater: 30;
--radius-01: 4px;
--radius-02: 8px;
--radius-03: 16px;
--tooltip-offset: 10px;
--popover-offset: 10px;
--dropdown-offset: 10px;
--floater-shift: 5px;
--floater-flip: 5px;
--floater-arrow-size: 10px;
--floater-arrow-padding: 10px;
--form-input-color: var(--color-body);
--form-input-border: var(--color-secondary-900);
--form-input-background: var(--color-secondary-50);
--form-select-indicator: var(--color-body);
--form-asterisk: var(--color-negative-500);
--form-outline: var(--color-primary-600);
--form-checkbox-checked-border: var(--color-primary-500);
--form-checkbox-checked-background: var(--color-primary-500);
--form-checkbox-checked-color: var(--color-white);
--form-error: var(--color-negative-500);
--form-requiredMessage-value: var(--form-error);
  }
}
"
`;
