// Vitest Snapshot v1, https://vitest.dev/guide/snapshot.html

exports[`variables > generates correct css 1`] = `
"
@layer variables {
  :root {
    --color-white: #fff;
--color-black: #000;
--color-blue-50: #F1F4F9;
--color-blue-100: #E2E9F3;
--color-blue-200: #C2D0E5;
--color-blue-300: #9BB2D5;
--color-blue-400: #6C8EC1;
--color-blue-500: #314C74;
--color-blue-600: #2D466C;
--color-blue-700: #243856;
--color-blue-800: #20314B;
--color-blue-900: #111A27;
--color-blue-950: #111A27;
--color-gray-50: #FCFCFD;
--color-gray-100: #FAFAFA;
--color-gray-200: #F4F5F5;
--color-gray-300: #EFEFF1;
--color-gray-400: #E7E8E9;
--color-gray-500: #E2E3E5;
--color-gray-600: #CCCED1;
--color-gray-700: #B1B4B9;
--color-gray-800: #93979F;
--color-gray-900: #686C74;
--color-gray-950: #4D5056;
--color-green-50: #F1F9F4;
--color-green-100: #DCEFE3;
--color-green-200: #B5DEC4;
--color-green-300: #83C99C;
--color-green-400: #4BAA6E;
--color-green-500: #367B4F;
--color-green-600: #306E47;
--color-green-700: #2A603E;
--color-green-800: #224E32;
--color-green-900: #173522;
--color-green-950: #132B1B;
--color-red-50: #FDF3F2;
--color-red-100: #FAE7E5;
--color-red-200: #F4CBC8;
--color-red-300: #ECA39D;
--color-red-400: #E17065;
--color-red-500: #B42E23;
--color-red-600: #9E291F;
--color-red-700: #8D251B;
--color-red-800: #781F17;
--color-red-900: #49130E;
--color-red-950: #330D0A;
--duration-perceptive-instant: 85ms;
--duration-fast: 100ms;
--duration-normal: 250ms;
--duration-slow: 500ms;
--duration-user-flow: 5000ms;
--duration-attention-span: 12000ms;
--easing-swift-alt: cubic-bezier(0.55, 0, 0.1, 1);
--easing-swift-move: cubic-bezier(0.4, 0, 0.2, 1);
--easing-swifter-move: cubic-bezier(0.4, 0, 0, 1);
--easing-heavy-move: cubic-bezier(07, 0, 0.6, 1);
--easing-swift-out: cubic-bezier(0, 0, 0.2, 1);
--easing-swift-in: cubic-bezier(0.4, 0, 1, 1);
--font-body: system-ui, sans-serif;
--font-heading: system-ui, sans-serif;
--elevation-01: 0px 0px 6px 0px rgba(0, 0, 0, 0.02), 0px 2px 4px 0px rgba(0, 0, 0, 0.08);
--elevation-02: 0px 0px 4px 0px rgba(0, 0, 0, 0.04), 0px 4px 8px 0px rgba(0, 0, 0, 0.06);
--elevation-03: 0px 0px 4px 0px rgba(0, 0, 0, 0.04), 0px 8px 16px 0px rgba(0, 0, 0, 0.08);
--zIndex-header: 10;
--zIndex-dialog: 20;
--zIndex-floater: 30;
--radius-01: 4px;
--radius-02: 8px;
--radius-03: 16px;
--tooltip-offset: 10px;
--popover-offset: 10px;
--dropdown-offset: 10px;
--floater-shift: 5px;
--floater-flip: 5px;
--floater-arrow-size: 10px;
--floater-arrow-padding: 10px;
  }
}
"
`;
